// Jest Snapshot v1, https://goo.gl/fbAQLP

exports[`clientsReducer XHR_CLIENTS_SUCCEESS returns the correct state 1`] = `
Object {
  "clients": Array [
    Object {
      "test": "test",
    },
  ],
  "user": Object {},
  "viewClients": Array [
    Object {
      "test": "test",
    },
  ],
}
`;
