// Jest Snapshot v1, https://goo.gl/fbAQLP

exports[`Client components render() View client info 1`] = `
<Segment>
  <ItemGroup
    style={
      Object {
        "display": "flex",
        "justifyContent": "flex-start",
      }
    }
  >
    <ItemImage
      height="128"
      src="https://s3.amazonaws.com/uifaces/faces/twitter/andysolomon/128.jpg"
      width="128"
    />
    <ItemContent
      style={
        Object {
          "padding": 10,
        }
      }
    >
      <List>
        <ListItem
          firstText="Ololoev"
          icon="user"
          secondText="Ololevn"
        />
        <ListItem
          firstText="DNU"
          icon="briefcase"
          secondText="Incode-Group"
        />
        <ListItem
          firstText="Ukraine"
          fourthText="49000"
          icon="marker"
          secondText="Dnepr"
          thirdText="Kazakova"
        />
        <ListItem
          firstText="ololoev@gmail.com"
          icon="mail"
          secondText="0999201"
        />
      </List>
    </ItemContent>
  </ItemGroup>
</Segment>
`;
