// Jest Snapshot v1, https://goo.gl/fbAQLP

exports[`xhrData_actions xhrData Disaptch 1`] = `
Array [
  Object {
    "type": "XHR_CLIENTS_START",
  },
]
`;
